[    1279ms] [LOG] [Wishlist Debug] Waiting for template... @ https://cadenlane.com/collections/embroidered-baby-outfits-accessories/products/knit-baby-pom-pom-beanie-red:11322
[    1708ms] [LOG] AfterShip Referral Web Pixel is running... production @ https://cadenlane.com/web-pixels/strict/app/web-pixel-836862012@3f0fd3f7354ca64f6bba956935131bea.js:29
[    1708ms] [INFO] k-web-pixel-version 2 @ https://cadenlane.com/web-pixels/strict/app/web-pixel-1220018236@c63c5b72c8d77be5f2d27d14c081da38.js:0
[    1708ms] [LOG] [Wishlist Debug] Waiting for template... @ https://cadenlane.com/collections/embroidered-baby-outfits-accessories/products/knit-baby-pom-pom-beanie-red:11322
[    1709ms] [LOG] Alia web pixel @ https://cadenlane.com/web-pixels/strict/app/web-pixel-1056964668@9bce1c0cdfc09538057898e4ff134fa2.js:0
[    1787ms] Uncaught NotSupportedError: Failed to execute 'define' on 'CustomElementRegistry': the name "blotout-wallet" has already been used with this registry
    at <anonymous> (https://ssjfm.cadenlane.com/load:377:559)
    at qe (https://ssjfm.cadenlane.com/load:90:5311)
    at <anonymous> (https://ssjfm.cadenlane.com/load:377:466)
    at <anonymous> (https://ssjfm.cadenlane.com/load:377:990)
[    1769ms] [WARNING] In a sandboxed environment, addEventListener may not behave as expected. @ https://cadenlane.com/cdn/wpm/s87a86122w399bf3b8pd0403c97m2c07468cm.js:0
[    1889ms] [WARNING] In a sandboxed environment, addEventListener may not behave as expected. @ https://cadenlane.com/cdn/wpm/s87a86122w399bf3b8pd0403c97m2c07468cm.js:0
[    1913ms] [WARNING] In a sandboxed environment, addEventListener may not behave as expected. @ https://cadenlane.com/cdn/wpm/s87a86122w399bf3b8pd0403c97m2c07468cm.js:0
[    2653ms] [LOG] [UGC Web Pixel] Initializing UGC Attribution Web Pixel @ https://cadenlane.com/web-pixels/strict/app/web-pixel-1899397180@2066bff610c5c92c0538059190a8d779.js:0
[    2661ms] [LOG] [Wishlist Debug] Waiting for template... @ https://cadenlane.com/collections/embroidered-baby-outfits-accessories/products/knit-baby-pom-pom-beanie-red:11322
[    2687ms] [LOG] %c 🫕 c76940f6cc7b57897b582e1f6993abea00c8a1d2 🫕 background: #FACC14; color: #423121 @ https://public.getfondue.com/cashback-extension/cart/fundle.js?v=821da3e2628e25ac60abd6ec2b6827939ad14f8e:0
[    2732ms] [LOG] [UGC Web Pixel] Creating new visitor ID: 0270047f-adfb-49b7-9828-c055f8dbbd96 @ https://cadenlane.com/web-pixels/strict/app/web-pixel-1899397180@2066bff610c5c92c0538059190a8d779.js:0
[    2738ms] [LOG] RAD Shopify app - page_viewed event. Logging enabled: false @ https://cadenlane.com/web-pixels/strict/app/web-pixel-754810940@3c4e0707a22db0bd439a5e4b720ea9d0.js:119
[    2803ms] [LOG] [Alia app extension] v1.0.5 @ https://cadenlane.com/collections/embroidered-baby-outfits-accessories/products/knit-baby-pom-pom-beanie-red:19754
[    2824ms] [LOG] [UGC Web Pixel] Visitor ID cookie set successfully: 0270047f-adfb-49b7-9828-c055f8dbbd96 @ https://cadenlane.com/web-pixels/strict/app/web-pixel-1899397180@2066bff610c5c92c0538059190a8d779.js:0
[    2882ms] [LOG] Impulse theme (7.4.1) by ARCHΞTYPE | Learn more at https://archetypethemes.co @ https://cadenlane.com/cdn/shop/t/433/assets/theme.bundle.js?v=90711961252880053741786046241:12
[    3425ms] [LOG] Checking for element @ https://cdn.shopify.com/extensions/01a0f96f-0e60-7317-891d-d1eabd952dc2/pairbo-343/assets/theme_drawer-B_p0_6A3.js:24
[    3427ms] [LOG] v2.135 @ https://cdn.shopify.com/extensions/019d9bde-3b5f-7110-a959-0f21b89f5d22/aspire-links-105/assets/secure-code-popup.js:27
[    3697ms] [LOG] [Klaviyo / Onsite] Initializing. @ https://a.klaviyo.com/media/js/onsite/onsite.js:143
[    3697ms] [LOG] [Klaviyo / Onsite] Executing: init @ https://a.klaviyo.com/media/js/onsite/onsite.js:143
[    3698ms] [LOG] [Klaviyo / Onsite] Executing: enable @ https://a.klaviyo.com/media/js/onsite/onsite.js:143
[    3703ms] [WARNING] DoughDog Buy Buttons: No customer data found @ https://scripts.doughdog.co/storefront/library.min.js:0
[    3727ms] [LOG] [Wishlist Debug] Template ready → setting up wishlist init + grid watcher @ https://cadenlane.com/collections/embroidered-baby-outfits-accessories/products/knit-baby-pom-pom-beanie-red:11318
[    3727ms] [LOG] [Wishlist Debug] No infinite-scroll grid found. @ https://cadenlane.com/collections/embroidered-baby-outfits-accessories/products/knit-baby-pom-pom-beanie-red:11295
[    3772ms] [INFO] Clear-Site-Data header on 'https://cadenlane.com/cart/update.js': Cleared data types: "prefetchCache", "prerenderCache". @ https://cadenlane.com/collections/embroidered-baby-outfits-accessories/products/knit-baby-pom-pom-beanie-red:0
[    4103ms] [LOG] [Klaviyo / Onsite] Variants:  3 Unavailable Variants:  0 @ https://a.klaviyo.com/media/js/onsite/onsite.js:143
[    4226ms] [WARNING] Rebuy JS is already loaded. @ https://cdn.rebuyengine.com/onsite/js/rebuy.js?shop=caden-lane-baby.myshopify.com:1
[    4230ms] [LOG] [UGC Web Pixel] Created new session: b48fc818-9643-4d17-ad67-a73e7679a0b8 @ https://cadenlane.com/web-pixels/strict/app/web-pixel-1899397180@2066bff610c5c92c0538059190a8d779.js:0
[    4230ms] [LOG] [UGC Web Pixel] Session setup complete: {visitorId: 0270047f-adfb-49b7-9828-c055f8dbbd96, sessionId: b48fc818-9643-4d17-ad67-a73e7679a0b8, isNewVisitor: true, isNewSession: true} @ https://cadenlane.com/web-pixels/strict/app/web-pixel-1899397180@2066bff610c5c92c0538059190a8d779.js:0
[    4263ms] [LOG] %c 
- Increased repurchase rates
- Increased LTV
- Fully customizable


Hit us up at: https://www.rivo.io/developers

 font-size: 13px; @ https://cdn.shopify.com/extensions/01a10d40-3d79-7bc5-a223-fec3fa0dedc8/rivo-loyalty-rewards-referrals-824/assets/ba_loy_init.js:0
[    4290ms] [LOG] [Alia launcher] caden-lane-baby.myshopify.com @ https://backend.alia-prod.com/public/launcher.js?shopifyUrl=caden-lane-baby.myshopify.com:0
[    4292ms] [LOG] landingUrl https://cadenlane.com/collections/embroidered-baby-outfits-accessories/products/knit-baby-pom-pom-beanie-red {} @ https://cadenlane.com/web-pixels/strict/app/web-pixel-21528636@5d6ff697f8f0c56694e43434919810e4.js:0
[    4293ms] [LOG] landingUrl https://cadenlane.com/collections/embroidered-baby-outfits-accessories/products/knit-baby-pom-pom-beanie-red {} @ https://cadenlane.com/web-pixels/strict/app/web-pixel-21528636@5d6ff697f8f0c56694e43434919810e4.js:0
[    4293ms] [LOG] [UGC Web Pixel] Session data initialized: {vid: 0270047f-adfb-49b7-9828-c055f8dbbd96, sessionId: b48fc818-9643-4d17-ad67-a73e7679a0b8, storeId: 8686f7d3-1e0f-42fc-8da1-5d24ef67b7be, startTime: 1791399871583, landingUrl: https://cadenlane.com/collections/embroidered-baby…accessories/products/knit-baby-pom-pom-beanie-red} @ https://cadenlane.com/web-pixels/strict/app/web-pixel-1899397180@2066bff610c5c92c0538059190a8d779.js:0
[    4293ms] [LOG] [UGC Web Pixel] Trybe Attribution Web Pixel initialized successfully @ https://cadenlane.com/web-pixels/strict/app/web-pixel-1899397180@2066bff610c5c92c0538059190a8d779.js:0
[    4301ms] TypeError: Cannot read properties of undefined (reading 'classList')
    at h.cartMarkup (https://cadenlane.com/cdn/shop/t/433/assets/theme.bundle.js?v=90711961252880053741786046241:13:26434)
[    4463ms] [WARNING] Alpine Expression Error: Cannot read properties of undefined (reading 'replaceAll')

Expression: "$store.rivo_aw_translation.claim_transfer_claimed_amount_text.replaceAll('{{amount}}', claimTransferData?.pretty_credits_amount)"

 JSHandle@node @ https://cdn.shopify.com/extensions/01a10d40-3d79-7bc5-a223-fec3fa0dedc8/rivo-loyalty-rewards-referrals-824/assets/ba_rivo_profile.js:0
[    4463ms] [WARNING] Alpine Expression Error: Cannot read properties of undefined (reading 'replaceAll')

Expression: "$store.rivo_aw_translation.claim_transfer_claimed_sender_text.replaceAll('{{sender}}', claimTransferData?.sender_name)"

 JSHandle@node @ https://cdn.shopify.com/extensions/01a10d40-3d79-7bc5-a223-fec3fa0dedc8/rivo-loyalty-rewards-referrals-824/assets/ba_rivo_profile.js:0
[    4463ms] [WARNING] Alpine Expression Error: Cannot read properties of undefined (reading 'replaceAll')

Expression: "(claimTransferData?.sender_name ? $store.rivo_aw_translation.claim_transfer_pending_sender_text.replaceAll('{{sender}}', claimTransferData.sender_name) : $store.rivo_aw_translation.claim_transfer_pending_anonymous_text).replaceAll('{{amount}}', claimTransferData?.pretty_credits_amount)"

 JSHandle@node @ https://cdn.shopify.com/extensions/01a10d40-3d79-7bc5-a223-fec3fa0dedc8/rivo-loyalty-rewards-referrals-824/assets/ba_rivo_profile.js:0
[    4678ms] Uncaught TypeError: Cannot read properties of undefined (reading 'replaceAll')
    at [Alpine] $store.rivo_aw_translation.claim_transfer_claimed_amount_text.replaceAll('{{amount}}', claimTransferData?.pretty_credits_amount) (:2:93)
    at <anonymous> (https://cdn.shopify.com/extensions/01a10d40-3d79-7bc5-a223-fec3fa0dedc8/rivo-loyalty-rewards-referrals-824/assets/ba_rivo_profile.js:0:32196)
    at je (https://cdn.shopify.com/extensions/01a10d40-3d79-7bc5-a223-fec3fa0dedc8/rivo-loyalty-rewards-referrals-824/assets/ba_rivo_profile.js:0:30981)
    at <anonymous> (https://cdn.shopify.com/extensions/01a10d40-3d79-7bc5-a223-fec3fa0dedc8/rivo-loyalty-rewards-referrals-824/assets/ba_rivo_profile.js:0:63403)
    at i (https://cdn.shopify.com/extensions/01a10d40-3d79-7bc5-a223-fec3fa0dedc8/rivo-loyalty-rewards-referrals-824/assets/ba_rivo_profile.js:0:70322)
    at effect (https://cdn.shopify.com/extensions/01a10d40-3d79-7bc5-a223-fec3fa0dedc8/rivo-loyalty-rewards-referrals-824/assets/ba_rivo_profile.js:0:70499)
    at K (https://cdn.shopify.com/extensions/01a10d40-3d79-7bc5-a223-fec3fa0dedc8/rivo-loyalty-rewards-referrals-824/assets/ba_rivo_profile.js:0:45426)
    at <anonymous> (https://cdn.shopify.com/extensions/01a10d40-3d79-7bc5-a223-fec3fa0dedc8/rivo-loyalty-rewards-referrals-824/assets/ba_rivo_profile.js:0:33894)
    at <anonymous> (https://cdn.shopify.com/extensions/01a10d40-3d79-7bc5-a223-fec3fa0dedc8/rivo-loyalty-rewards-referrals-824/assets/ba_rivo_profile.js:0:63395)
    at n (https://cdn.shopify.com/extensions/01a10d40-3d79-7bc5-a223-fec3fa0dedc8/rivo-loyalty-rewards-referrals-824/assets/ba_rivo_profile.js:0:35771)
    at <anonymous> (https://cdn.shopify.com/extensions/01a10d40-3d79-7bc5-a223-fec3fa0dedc8/rivo-loyalty-rewards-referrals-824/assets/ba_rivo_profile.js:0:35895)
    at Pt (https://cdn.shopify.com/extensions/01a10d40-3d79-7bc5-a223-fec3fa0dedc8/rivo-loyalty-rewards-referrals-824/assets/ba_rivo_profile.js:0:35899)
    at <anonymous> (https://cdn.shopify.com/extensions/01a10d40-3d79-7bc5-a223-fec3fa0dedc8/rivo-loyalty-rewards-referrals-824/assets/ba_rivo_profile.js:0:63574)
    at be (https://cdn.shopify.com/extensions/01a10d40-3d79-7bc5-a223-fec3fa0dedc8/rivo-loyalty-rewards-referrals-824/assets/ba_rivo_profile.js:0:27728)
    at <anonymous> (https://cdn.shopify.com/extensions/01a10d40-3d79-7bc5-a223-fec3fa0dedc8/rivo-loyalty-rewards-referrals-824/assets/ba_rivo_profile.js:0:63532)
    at Ge (https://cdn.shopify.com/extensions/01a10d40-3d79-7bc5-a223-fec3fa0dedc8/rivo-loyalty-rewards-referrals-824/assets/ba_rivo_profile.js:0:32611)
    at <anonymous> (https://cdn.shopify.com/extensions/01a10d40-3d79-7bc5-a223-fec3fa0dedc8/rivo-loyalty-rewards-referrals-824/assets/ba_rivo_profile.js:0:32237)
    at je (https://cdn.shopify.com/extensions/01a10d40-3d79-7bc5-a223-fec3fa0dedc8/rivo-loyalty-rewards-referrals-824/assets/ba_rivo_profile.js:0:30981)
    at <anonymous> (https://cdn.shopify.com/extensions/01a10d40-3d79-7bc5-a223-fec3fa0dedc8/rivo-loyalty-rewards-referrals-824/assets/ba_rivo_profile.js:0:63525)
    at i (https://cdn.shopify.com/extensions/01a10d40-3d79-7bc5-a223-fec3fa0dedc8/rivo-loyalty-rewards-referrals-824/assets/ba_rivo_profile.js:0:70322)
    at effect (https://cdn.shopify.com/extensions/01a10d40-3d79-7bc5-a223-fec3fa0dedc8/rivo-loyalty-rewards-referrals-824/assets/ba_rivo_profile.js:0:70499)
    at K (https://cdn.shopify.com/extensions/01a10d40-3d79-7bc5-a223-fec3fa0dedc8/rivo-loyalty-rewards-referrals-824/assets/ba_rivo_profile.js:0:45426)
    at <anonymous> (https://cdn.shopify.com/extensions/01a10d40-3d79-7bc5-a223-fec3fa0dedc8/rivo-loyalty-rewards-referrals-824/assets/ba_rivo_profile.js:0:33894)
    at <anonymous> (https://cdn.shopify.com/extensions/01a10d40-3d79-7bc5-a223-fec3fa0dedc8/rivo-loyalty-rewards-referrals-824/assets/ba_rivo_profile.js:0:63517)
    at n (https://cdn.shopify.com/extensions/01a10d40-3d79-7bc5-a223-fec3fa0dedc8/rivo-loyalty-rewards-referrals-824/assets/ba_rivo_profile.js:0:33684)
    at <anonymous> (https://cdn.shopify.com/extensions/01a10d40-3d79-7bc5-a223-fec3fa0dedc8/rivo-loyalty-rewards-referrals-824/assets/ba_rivo_profile.js:0:47106)
    at <anonymous> (https://cdn.shopify.com/extensions/01a10d40-3d79-7bc5-a223-fec3fa0dedc8/rivo-loyalty-rewards-referrals-824/assets/ba_rivo_profile.js:0:47094)
    at <anonymous> (https://cdn.shopify.com/extensions/01a10d40-3d79-7bc5-a223-fec3fa0dedc8/rivo-loyalty-rewards-referrals-824/assets/ba_rivo_profile.js:0:28401)
    at <anonymous> (https://cdn.shopify.com/extensions/01a10d40-3d79-7bc5-a223-fec3fa0dedc8/rivo-loyalty-rewards-referrals-824/assets/ba_rivo_profile.js:0:28389)
    at Re (https://cdn.shopify.com/extensions/01a10d40-3d79-7bc5-a223-fec3fa0dedc8/rivo-loyalty-rewards-referrals-824/assets/ba_rivo_profile.js:0:28369)
    at <anonymous> (https://cdn.shopify.com/extensions/01a10d40-3d79-7bc5-a223-fec3fa0dedc8/rivo-loyalty-rewards-referrals-824/assets/ba_rivo_profile.js:0:27553)
    at <anonymous> (https://cdn.shopify.com/extensions/01a10d40-3d79-7bc5-a223-fec3fa0dedc8/rivo-loyalty-rewards-referrals-824/assets/ba_rivo_profile.js:0:27643)
[    4678ms] Uncaught TypeError: Cannot read properties of undefined (reading 'replaceAll')
    at [Alpine] $store.rivo_aw_translation.claim_transfer_claimed_sender_text.replaceAll('{{sender}}', claimTransferData?.sender_name) (:2:93)
    at <anonymous> (https://cdn.shopify.com/extensions/01a10d40-3d79-7bc5-a223-fec3fa0dedc8/rivo-loyalty-rewards-referrals-824/assets/ba_rivo_profile.js:0:32196)
    at je (https://cdn.shopify.com/extensions/01a10d40-3d79-7bc5-a223-fec3fa0dedc8/rivo-loyalty-rewards-referrals-824/assets/ba_rivo_profile.js:0:30981)
    at <anonymous> (https://cdn.shopify.com/extensions/01a10d40-3d79-7bc5-a223-fec3fa0dedc8/rivo-loyalty-rewards-referrals-824/assets/ba_rivo_profile.js:0:63403)
    at i (https://cdn.shopify.com/extensions/01a10d40-3d79-7bc5-a223-fec3fa0dedc8/rivo-loyalty-rewards-referrals-824/assets/ba_rivo_profile.js:0:70322)
    at effect (https://cdn.shopify.com/extensions/01a10d40-3d79-7bc5-a223-fec3fa0dedc8/rivo-loyalty-rewards-referrals-824/assets/ba_rivo_profile.js:0:70499)
    at K (https://cdn.shopify.com/extensions/01a10d40-3d79-7bc5-a223-fec3fa0dedc8/rivo-loyalty-rewards-referrals-824/assets/ba_rivo_profile.js:0:45426)
    at <anonymous> (https://cdn.shopify.com/extensions/01a10d40-3d79-7bc5-a223-fec3fa0dedc8/rivo-loyalty-rewards-referrals-824/assets/ba_rivo_profile.js:0:33894)
    at <anonymous> (https://cdn.shopify.com/extensions/01a10d40-3d79-7bc5-a223-fec3fa0dedc8/rivo-loyalty-rewards-referrals-824/assets/ba_rivo_profile.js:0:63395)
    at n (https://cdn.shopify.com/extensions/01a10d40-3d79-7bc5-a223-fec3fa0dedc8/rivo-loyalty-rewards-referrals-824/assets/ba_rivo_profile.js:0:35771)
    at <anonymous> (https://cdn.shopify.com/extensions/01a10d40-3d79-7bc5-a223-fec3fa0dedc8/rivo-loyalty-rewards-referrals-824/assets/ba_rivo_profile.js:0:35895)
    at Pt (https://cdn.shopify.com/extensions/01a10d40-3d79-7bc5-a223-fec3fa0dedc8/rivo-loyalty-rewards-referrals-824/assets/ba_rivo_profile.js:0:35899)
    at <anonymous> (https://cdn.shopify.com/extensions/01a10d40-3d79-7bc5-a223-fec3fa0dedc8/rivo-loyalty-rewards-referrals-824/assets/ba_rivo_profile.js:0:63574)
    at be (https://cdn.shopify.com/extensions/01a10d40-3d79-7bc5-a223-fec3fa0dedc8/rivo-loyalty-rewards-referrals-824/assets/ba_rivo_profile.js:0:27728)
    at <anonymous> (https://cdn.shopify.com/extensions/01a10d40-3d79-7bc5-a223-fec3fa0dedc8/rivo-loyalty-rewards-referrals-824/assets/ba_rivo_profile.js:0:63532)
    at Ge (https://cdn.shopify.com/extensions/01a10d40-3d79-7bc5-a223-fec3fa0dedc8/rivo-loyalty-rewards-referrals-824/assets/ba_rivo_profile.js:0:32611)
    at <anonymous> (https://cdn.shopify.com/extensions/01a10d40-3d79-7bc5-a223-fec3fa0dedc8/rivo-loyalty-rewards-referrals-824/assets/ba_rivo_profile.js:0:32237)
    at je (https://cdn.shopify.com/extensions/01a10d40-3d79-7bc5-a223-fec3fa0dedc8/rivo-loyalty-rewards-referrals-824/assets/ba_rivo_profile.js:0:30981)
    at <anonymous> (https://cdn.shopify.com/extensions/01a10d40-3d79-7bc5-a223-fec3fa0dedc8/rivo-loyalty-rewards-referrals-824/assets/ba_rivo_profile.js:0:63525)
    at i (https://cdn.shopify.com/extensions/01a10d40-3d79-7bc5-a223-fec3fa0dedc8/rivo-loyalty-rewards-referrals-824/assets/ba_rivo_profile.js:0:70322)
    at effect (https://cdn.shopify.com/extensions/01a10d40-3d79-7bc5-a223-fec3fa0dedc8/rivo-loyalty-rewards-referrals-824/assets/ba_rivo_profile.js:0:70499)
    at K (https://cdn.shopify.com/extensions/01a10d40-3d79-7bc5-a223-fec3fa0dedc8/rivo-loyalty-rewards-referrals-824/assets/ba_rivo_profile.js:0:45426)
    at <anonymous> (https://cdn.shopify.com/extensions/01a10d40-3d79-7bc5-a223-fec3fa0dedc8/rivo-loyalty-rewards-referrals-824/assets/ba_rivo_profile.js:0:33894)
    at <anonymous> (https://cdn.shopify.com/extensions/01a10d40-3d79-7bc5-a223-fec3fa0dedc8/rivo-loyalty-rewards-referrals-824/assets/ba_rivo_profile.js:0:63517)
    at n (https://cdn.shopify.com/extensions/01a10d40-3d79-7bc5-a223-fec3fa0dedc8/rivo-loyalty-rewards-referrals-824/assets/ba_rivo_profile.js:0:33684)
    at <anonymous> (https://cdn.shopify.com/extensions/01a10d40-3d79-7bc5-a223-fec3fa0dedc8/rivo-loyalty-rewards-referrals-824/assets/ba_rivo_profile.js:0:47106)
    at <anonymous> (https://cdn.shopify.com/extensions/01a10d40-3d79-7bc5-a223-fec3fa0dedc8/rivo-loyalty-rewards-referrals-824/assets/ba_rivo_profile.js:0:47094)
    at <anonymous> (https://cdn.shopify.com/extensions/01a10d40-3d79-7bc5-a223-fec3fa0dedc8/rivo-loyalty-rewards-referrals-824/assets/ba_rivo_profile.js:0:28401)
    at <anonymous> (https://cdn.shopify.com/extensions/01a10d40-3d79-7bc5-a223-fec3fa0dedc8/rivo-loyalty-rewards-referrals-824/assets/ba_rivo_profile.js:0:28389)
    at Re (https://cdn.shopify.com/extensions/01a10d40-3d79-7bc5-a223-fec3fa0dedc8/rivo-loyalty-rewards-referrals-824/assets/ba_rivo_profile.js:0:28369)
    at <anonymous> (https://cdn.shopify.com/extensions/01a10d40-3d79-7bc5-a223-fec3fa0dedc8/rivo-loyalty-rewards-referrals-824/assets/ba_rivo_profile.js:0:27553)
    at <anonymous> (https://cdn.shopify.com/extensions/01a10d40-3d79-7bc5-a223-fec3fa0dedc8/rivo-loyalty-rewards-referrals-824/assets/ba_rivo_profile.js:0:27643)
[    4678ms] Uncaught TypeError: Cannot read properties of undefined (reading 'replaceAll')
    at [Alpine] (claimTransferData?.sender_name ? $store.rivo_aw_translation.claim_transfer_pending_sender_text.replaceAll('{{sender}}', claimTransferData.sender_name) : $store.rivo_aw_translation.claim_transfer_pending_anonymous_text).replaceAll('{{amount}}', claimTransferData?.pretty_credits_amount) (:2:251)
    at <anonymous> (https://cdn.shopify.com/extensions/01a10d40-3d79-7bc5-a223-fec3fa0dedc8/rivo-loyalty-rewards-referrals-824/assets/ba_rivo_profile.js:0:32196)
    at je (https://cdn.shopify.com/extensions/01a10d40-3d79-7bc5-a223-fec3fa0dedc8/rivo-loyalty-rewards-referrals-824/assets/ba_rivo_profile.js:0:30981)
    at <anonymous> (https://cdn.shopify.com/extensions/01a10d40-3d79-7bc5-a223-fec3fa0dedc8/rivo-loyalty-rewards-referrals-824/assets/ba_rivo_profile.js:0:63403)
    at i (https://cdn.shopify.com/extensions/01a10d40-3d79-7bc5-a223-fec3fa0dedc8/rivo-loyalty-rewards-referrals-824/assets/ba_rivo_profile.js:0:70322)
    at effect (https://cdn.shopify.com/extensions/01a10d40-3d79-7bc5-a223-fec3fa0dedc8/rivo-loyalty-rewards-referrals-824/assets/ba_rivo_profile.js:0:70499)
    at K (https://cdn.shopify.com/extensions/01a10d40-3d79-7bc5-a223-fec3fa0dedc8/rivo-loyalty-rewards-referrals-824/assets/ba_rivo_profile.js:0:45426)
    at <anonymous> (https://cdn.shopify.com/extensions/01a10d40-3d79-7bc5-a223-fec3fa0dedc8/rivo-loyalty-rewards-referrals-824/assets/ba_rivo_profile.js:0:33894)
    at <anonymous> (https://cdn.shopify.com/extensions/01a10d40-3d79-7bc5-a223-fec3fa0dedc8/rivo-loyalty-rewards-referrals-824/assets/ba_rivo_profile.js:0:63395)
    at n (https://cdn.shopify.com/extensions/01a10d40-3d79-7bc5-a223-fec3fa0dedc8/rivo-loyalty-rewards-referrals-824/assets/ba_rivo_profile.js:0:35771)
    at <anonymous> (https://cdn.shopify.com/extensions/01a10d40-3d79-7bc5-a223-fec3fa0dedc8/rivo-loyalty-rewards-referrals-824/assets/ba_rivo_profile.js:0:35895)
    at Pt (https://cdn.shopify.com/extensions/01a10d40-3d79-7bc5-a223-fec3fa0dedc8/rivo-loyalty-rewards-referrals-824/assets/ba_rivo_profile.js:0:35899)
    at <anonymous> (https://cdn.shopify.com/extensions/01a10d40-3d79-7bc5-a223-fec3fa0dedc8/rivo-loyalty-rewards-referrals-824/assets/ba_rivo_profile.js:0:63574)
    at be (https://cdn.shopify.com/extensions/01a10d40-3d79-7bc5-a223-fec3fa0dedc8/rivo-loyalty-rewards-referrals-824/assets/ba_rivo_profile.js:0:27728)
    at <anonymous> (https://cdn.shopify.com/extensions/01a10d40-3d79-7bc5-a223-fec3fa0dedc8/rivo-loyalty-rewards-referrals-824/assets/ba_rivo_profile.js:0:63532)
    at Ge (https://cdn.shopify.com/extensions/01a10d40-3d79-7bc5-a223-fec3fa0dedc8/rivo-loyalty-rewards-referrals-824/assets/ba_rivo_profile.js:0:32611)
    at <anonymous> (https://cdn.shopify.com/extensions/01a10d40-3d79-7bc5-a223-fec3fa0dedc8/rivo-loyalty-rewards-referrals-824/assets/ba_rivo_profile.js:0:32237)
    at je (https://cdn.shopify.com/extensions/01a10d40-3d79-7bc5-a223-fec3fa0dedc8/rivo-loyalty-rewards-referrals-824/assets/ba_rivo_profile.js:0:30981)
    at <anonymous> (https://cdn.shopify.com/extensions/01a10d40-3d79-7bc5-a223-fec3fa0dedc8/rivo-loyalty-rewards-referrals-824/assets/ba_rivo_profile.js:0:63525)
    at i (https://cdn.shopify.com/extensions/01a10d40-3d79-7bc5-a223-fec3fa0dedc8/rivo-loyalty-rewards-referrals-824/assets/ba_rivo_profile.js:0:70322)
    at effect (https://cdn.shopify.com/extensions/01a10d40-3d79-7bc5-a223-fec3fa0dedc8/rivo-loyalty-rewards-referrals-824/assets/ba_rivo_profile.js:0:70499)
    at K (https://cdn.shopify.com/extensions/01a10d40-3d79-7bc5-a223-fec3fa0dedc8/rivo-loyalty-rewards-referrals-824/assets/ba_rivo_profile.js:0:45426)
    at <anonymous> (https://cdn.shopify.com/extensions/01a10d40-3d79-7bc5-a223-fec3fa0dedc8/rivo-loyalty-rewards-referrals-824/assets/ba_rivo_profile.js:0:33894)
    at <anonymous> (https://cdn.shopify.com/extensions/01a10d40-3d79-7bc5-a223-fec3fa0dedc8/rivo-loyalty-rewards-referrals-824/assets/ba_rivo_profile.js:0:63517)
    at n (https://cdn.shopify.com/extensions/01a10d40-3d79-7bc5-a223-fec3fa0dedc8/rivo-loyalty-rewards-referrals-824/assets/ba_rivo_profile.js:0:33684)
    at <anonymous> (https://cdn.shopify.com/extensions/01a10d40-3d79-7bc5-a223-fec3fa0dedc8/rivo-loyalty-rewards-referrals-824/assets/ba_rivo_profile.js:0:47106)
    at <anonymous> (https://cdn.shopify.com/extensions/01a10d40-3d79-7bc5-a223-fec3fa0dedc8/rivo-loyalty-rewards-referrals-824/assets/ba_rivo_profile.js:0:47094)
    at <anonymous> (https://cdn.shopify.com/extensions/01a10d40-3d79-7bc5-a223-fec3fa0dedc8/rivo-loyalty-rewards-referrals-824/assets/ba_rivo_profile.js:0:28401)
    at <anonymous> (https://cdn.shopify.com/extensions/01a10d40-3d79-7bc5-a223-fec3fa0dedc8/rivo-loyalty-rewards-referrals-824/assets/ba_rivo_profile.js:0:28389)
    at Re (https://cdn.shopify.com/extensions/01a10d40-3d79-7bc5-a223-fec3fa0dedc8/rivo-loyalty-rewards-referrals-824/assets/ba_rivo_profile.js:0:28369)
    at <anonymous> (https://cdn.shopify.com/extensions/01a10d40-3d79-7bc5-a223-fec3fa0dedc8/rivo-loyalty-rewards-referrals-824/assets/ba_rivo_profile.js:0:27553)
    at <anonymous> (https://cdn.shopify.com/extensions/01a10d40-3d79-7bc5-a223-fec3fa0dedc8/rivo-loyalty-rewards-referrals-824/assets/ba_rivo_profile.js:0:27643)
[    4538ms] [LOG] [UGC Web Pixel] Event queued: page_view {eventId: e0a44d30-4f39-4714-af07-7166dd6341f6, name: page_view, timestamp: 2026-10-07T19:04:28.493Z, storeId: 8686f7d3-1e0f-42fc-8da1-5d24ef67b7be, sessionId: b48fc818-9643-4d17-ad67-a73e7679a0b8} @ https://cadenlane.com/web-pixels/strict/app/web-pixel-1899397180@2066bff610c5c92c0538059190a8d779.js:0
[    4626ms] [WARNING] In a sandboxed environment, addEventListener may not behave as expected. @ https://cadenlane.com/cdn/wpm/s87a86122w399bf3b8pd0403c97m2c07468cm.js:0
[    4539ms] [LOG] [UGC Web Pixel] Event queued: product_viewed {eventId: 68a81ad3-a3db-46de-91ae-bde56d28dc81, name: product_viewed, timestamp: 2026-10-07T19:04:28.528Z, storeId: 8686f7d3-1e0f-42fc-8da1-5d24ef67b7be, sessionId: b48fc818-9643-4d17-ad67-a73e7679a0b8} @ https://cadenlane.com/web-pixels/strict/app/web-pixel-1899397180@2066bff610c5c92c0538059190a8d779.js:0
[    4539ms] [LOG] [UGC Web Pixel] 🚨 Critical event detected, sending immediately: product_viewed @ https://cadenlane.com/web-pixels/strict/app/web-pixel-1899397180@2066bff610c5c92c0538059190a8d779.js:0
[    4539ms] [LOG] [UGC Web Pixel] Sending batch of 2 events @ https://cadenlane.com/web-pixels/strict/app/web-pixel-1899397180@2066bff610c5c92c0538059190a8d779.js:0
[    4540ms] [LOG] [UGC Web Pixel] Sending event batch: {storeId: 8686f7d3-1e0f-42fc-8da1-5d24ef67b7be, vid: 0270047f-adfb-49b7-9828-c055f8dbbd96, eventCount: 2, endpoint: https://jointrybe.com/attribution/v1/events/batch} @ https://cadenlane.com/web-pixels/strict/app/web-pixel-1899397180@2066bff610c5c92c0538059190a8d779.js:0
[    4742ms] [LOG] %c

📈 Increased conversion rates
📈 Increased average order value
📈 Increased customer lifetime value


Learn more at: https://developers.rebuyengine.com/

 font-size: 14px; @ https://cdn.rebuyengine.com/onsite/js/global-a218df680353bacf9a61.js:0
[    4785ms] [INFO] Clear-Site-Data header on 'https://cadenlane.com/cart/update.js': Cleared data types: "prefetchCache", "prerenderCache". @ https://cadenlane.com/collections/embroidered-baby-outfits-accessories/products/knit-baby-pom-pom-beanie-red:0
[    4898ms] [LOG] [UGC Web Pixel] Events sent successfully: {success: true, data: Object, requestId: 4540d2b3-5b71-4fe5-af84-4423660bc5dc} @ https://cadenlane.com/web-pixels/strict/app/web-pixel-1899397180@2066bff610c5c92c0538059190a8d779.js:0
[    4899ms] [LOG] [UGC Web Pixel] ✅ Server reused EXISTING visitor: 0270047f-adfb-49b7-9828-c055f8dbbd96 @ https://cadenlane.com/web-pixels/strict/app/web-pixel-1899397180@2066bff610c5c92c0538059190a8d779.js:0
[    5040ms] [ERROR] Failed to load resource: the server responded with a status of 400 () @ https://cached.rebuyengine.com/api/v1/widgets/settings?id=&cache_key=1791341125:0
[    5128ms] [ERROR] Failed to load resource: the server responded with a status of 400 () @ https://api-cdn.yotpo.com/v3/storefront/stores/yTGwnRmt5S7FJlRqMRkC924utxDITMZTyDdxvcwE/widget_instance_id/1177314/sorted_media?size=100&offset=0&external_product_id=8263915962428:0
[    5232ms] [ERROR] Failed to load resource: the server responded with a status of 400 () @ https://sdk-api-proxy.postscript.io/sdk/cookie_consent/912204:0
[    5329ms] [LOG] [PushOwl Web Push Notifications] starting up @ https://cdn.shopify.com/extensions/01a0f68d-2edb-7ccb-ac6c-9e51e21024eb/pushowl-331/assets/pushowl-shopify-main.js:0
[    5336ms] [ERROR] 400 : Invalid widget ID (probably deleted):  - Error: An error has occurred - non 200 range response: 400
    at Object.callAPI (https://cdn.rebuyengine.com/onsite/js/global-a218df680353bacf9a61.js:1:357278) {request: Response, response: Object} @ https://cdn.rebuyengine.com/onsite/js/global-a218df680353bacf9a61.js:0
[    5356ms] [INFO] Clear-Site-Data header on 'https://cadenlane.com/cart/update.js': Cleared data types: "prefetchCache", "prerenderCache". @ https://cadenlane.com/collections/embroidered-baby-outfits-accessories/products/knit-baby-pom-pom-beanie-red:0
[    5380ms] [LOG] 
%c 🫕🫕🫕🫕🫕🫕🫕🫕🫕🫕🫕🫕🫕🫕🫕🫕🫕🫕🫕🫕🫕🫕🫕🫕🫕🫕🫕🫕🫕🫕🫕 
         Fondue CashBack Extension is Running!          
         Learn more at > https://getfondue.com          
 🫕🫕🫕🫕🫕🫕🫕🫕🫕🫕🫕🫕🫕🫕🫕🫕🫕🫕🫕🫕🫕🫕🫕🫕🫕🫕🫕🫕🫕🫕🫕 
 background: #FACC14; color: #423121 @ https://public.getfondue.com/cashback-extension/cart/fundle.js?v=821da3e2628e25ac60abd6ec2b6827939ad14f8e:0
[    5381ms] [INFO] Clear-Site-Data header on 'https://cadenlane.com/cart/update.js': Cleared data types: "prefetchCache", "prerenderCache". @ https://cadenlane.com/collections/embroidered-baby-outfits-accessories/products/knit-baby-pom-pom-beanie-red:0
[    5382ms] [WARNING] Manifest: property 'start_url' ignored, URL is invalid. @ blob:https://cadenlane.com/189f915f-6105-4efd-9d5f-9303f564c120:0
[    5383ms] [WARNING] Manifest: property 'scope' ignored, URL is invalid. @ blob:https://cadenlane.com/189f915f-6105-4efd-9d5f-9303f564c120:0
[    5446ms] [ERROR] Failed to load resource: net::ERR_NAME_NOT_RESOLVED @ https://re.applovin.com/v1/s:0
[    5503ms] [LOG] Test tracking ga4 @ https://cdn.intelligems.io/esm/a3827c25dddf/bundle.js:7
[    5783ms] [LOG]  @ https://d23dclunsivw3h.cloudfront.net/redirect-app.js?shop=caden-lane-baby.myshopify.com:0
[    5869ms] [INFO] Clear-Site-Data header on 'https://cadenlane.com/cart/update.js?_fondue_internal=true': Cleared data types: "prefetchCache", "prerenderCache". @ https://cadenlane.com/collections/embroidered-baby-outfits-accessories/products/knit-baby-pom-pom-beanie-red:0
[    5880ms] [LOG] Checking for element @ https://cdn.shipinsure.io/si-widget-v3.js?shop_name=caden-lane-baby.myshopify.com&shop=caden-lane-baby.myshopify.com:193
[    6222ms] [INFO] Clear-Site-Data header on 'https://cadenlane.com/cart.js': Cleared data types: "prefetchCache", "prerenderCache". @ https://cadenlane.com/collections/embroidered-baby-outfits-accessories/products/knit-baby-pom-pom-beanie-red:0
[    8282ms] [LOG] Checking for element @ https://cdn.shipinsure.io/si-widget-v3.js?shop_name=caden-lane-baby.myshopify.com&shop=caden-lane-baby.myshopify.com:193
[   10291ms] [LOG] Checking for element @ https://cdn.shipinsure.io/si-widget-v3.js?shop_name=caden-lane-baby.myshopify.com&shop=caden-lane-baby.myshopify.com:193
[   12296ms] [LOG] Checking for element @ https://cdn.shipinsure.io/si-widget-v3.js?shop_name=caden-lane-baby.myshopify.com&shop=caden-lane-baby.myshopify.com:193
[   14307ms] [LOG] Checking for element @ https://cdn.shipinsure.io/si-widget-v3.js?shop_name=caden-lane-baby.myshopify.com&shop=caden-lane-baby.myshopify.com:193
[   14307ms] [LOG] Failed to find element after multiple attempts. @ https://cdn.shipinsure.io/si-widget-v3.js?shop_name=caden-lane-baby.myshopify.com&shop=caden-lane-baby.myshopify.com:193
[   18337ms] [LOG] landingUrl https://cadenlane.com/collections/embroidered-baby-outfits-accessories/products/knit-baby-pom-pom-beanie-red {} @ https://cadenlane.com/web-pixels/strict/app/web-pixel-21528636@5d6ff697f8f0c56694e43434919810e4.js:0
[   25711ms] [LOG] landingUrl https://cadenlane.com/collections/embroidered-baby-outfits-accessories/products/knit-baby-pom-pom-beanie-red {} @ https://cadenlane.com/web-pixels/strict/app/web-pixel-21528636@5d6ff697f8f0c56694e43434919810e4.js:0
[   26732ms] [LOG] landingUrl https://cadenlane.com/collections/embroidered-baby-outfits-accessories/products/knit-baby-pom-pom-beanie-red {} @ https://cadenlane.com/web-pixels/strict/app/web-pixel-21528636@5d6ff697f8f0c56694e43434919810e4.js:0
[   72335ms] Uncaught (in promise) TypeError: Cannot read properties of undefined (reading 'children')
    at Gi (https://scripts.clarity.ms/0.8.70/clarity.js:1:38946)
    at Wi (https://scripts.clarity.ms/0.8.70/clarity.js:1:31313)
    at <anonymous> (https://scripts.clarity.ms/0.8.70/clarity.js:1:27619)
    at <anonymous> (https://scripts.clarity.ms/0.8.70/clarity.js:1:6510)
    at <anonymous> (https://scripts.clarity.ms/0.8.70/clarity.js:1:6615)
    at <anonymous> (https://scripts.clarity.ms/0.8.70/clarity.js:1:5530)
    at $n (https://scripts.clarity.ms/0.8.70/clarity.js:1:5275)
    at Ai (https://scripts.clarity.ms/0.8.70/clarity.js:1:27328)
    at <anonymous> (https://scripts.clarity.ms/0.8.70/clarity.js:1:26193)
    at <anonymous> (https://scripts.clarity.ms/0.8.70/clarity.js:1:6510)
    at <anonymous> (https://scripts.clarity.ms/0.8.70/clarity.js:1:6615)
    at <anonymous> (https://scripts.clarity.ms/0.8.70/clarity.js:1:5530)
    at $n (https://scripts.clarity.ms/0.8.70/clarity.js:1:5275)
    at Ii (https://scripts.clarity.ms/0.8.70/clarity.js:1:25233)
    at <anonymous> (https://scripts.clarity.ms/0.8.70/clarity.js:1:26521)
    at <anonymous> (https://scripts.clarity.ms/0.8.70/clarity.js:1:6510)
    at <anonymous> (https://scripts.clarity.ms/0.8.70/clarity.js:1:6615)
    at <anonymous> (https://scripts.clarity.ms/0.8.70/clarity.js:1:5530)
    at $n (https://scripts.clarity.ms/0.8.70/clarity.js:1:5275)
    at Di (https://scripts.clarity.ms/0.8.70/clarity.js:1:26256)
    at Ar (https://scripts.clarity.ms/0.8.70/clarity.js:1:53232)
    at <anonymous> (https://scripts.clarity.ms/0.8.70/clarity.js:1:53173)
    at <anonymous> (https://scripts.clarity.ms/0.8.70/clarity.js:1:6510)
    at <anonymous> (https://scripts.clarity.ms/0.8.70/clarity.js:1:6615)
    at <anonymous> (https://scripts.clarity.ms/0.8.70/clarity.js:1:5530)
    at $n (https://scripts.clarity.ms/0.8.70/clarity.js:1:5275)
    at Cr (https://scripts.clarity.ms/0.8.70/clarity.js:1:52932)
    at xi (https://scripts.clarity.ms/0.8.70/clarity.js:1:25160)
    at <anonymous> (https://scripts.clarity.ms/0.8.70/clarity.js:1:60016)
